23:46:17 **** Build of configuration Debug for project light_UP1 ****
make -j4 all 
arm-none-eabi-gcc -mcpu=cortex-m4 -g3 -DDEBUG -c -x assembler-with-cpp -MMD -MP -MF"Startup/startup_stm32f429zitx.d" -MT"Startup/startup_stm32f429zitx.o" --specs=nano.specs -mfloat-abi=hard -mthumb -o "Startup/startup_stm32f429zitx.o" "../Startup/startup_stm32f429zitx.s"
arm-none-eabi-gcc "../Src/main.c" -mcpu=cortex-m4 -std=gnu11 -g3 -DDEBUG -DSTM32 -DSTM32F429ZITx -DSTM32F4 -c -I../Inc -O0 -ffunction-sections -fdata-sections -Wall -fstack-usage -fcyclomatic-complexity -MMD -MP -MF"Src/main.d" -MT"Src/main.o" --specs=nano.specs -mfloat-abi=hard -mthumb -o "Src/main.o"
arm-none-eabi-gcc "../Src/syscalls.c" -mcpu=cortex-m4 -std=gnu11 -g3 -DDEBUG -DSTM32 -DSTM32F429ZITx -DSTM32F4 -c -I../Inc -O0 -ffunction-sections -fdata-sections -Wall -fstack-usage -fcyclomatic-complexity -MMD -MP -MF"Src/syscalls.d" -MT"Src/syscalls.o" --specs=nano.specs -mfloat-abi=hard -mthumb -o "Src/syscalls.o"
arm-none-eabi-gcc "../Src/sysmem.c" -mcpu=cortex-m4 -std=gnu11 -g3 -DDEBUG -DSTM32 -DSTM32F429ZITx -DSTM32F4 -c -I../Inc -O0 -ffunction-sections -fdata-sections -Wall -fstack-usage -fcyclomatic-complexity -MMD -MP -MF"Src/sysmem.d" -MT"Src/sysmem.o" --specs=nano.specs -mfloat-abi=hard -mthumb -o "Src/sysmem.o"
arm-none-eabi-gcc -o "light_UP1.elf" @"objects.list"   -mcpu=cortex-m4 -T"D:\hocviec\trainning\light_UP1\STM32F429ZITX_FLASH.ld" --specs=nosys.specs -Wl,-Map="light_UP1.map" -Wl,--gc-sections -static --specs=nano.specs -mfloat-abi=hard -mthumb -Wl,--start-group -lc -lm -Wl,--end-group
Finished building target: light_UP1.elf
 
arm-none-eabi-size  light_UP1.elf 
arm-none-eabi-objdump -h -S light_UP1.elf  > "light_UP1.list"
   text	   data	    bss	    dec	    hex	filename
    844	      8	   1568	   2420	    974	light_UP1.elf
Finished building: default.size.stdout
 
Finished building: light_UP1.list
 
23:46:24 **** Incremental Build of configuration Debug for project light_UP1 ****
make -j4 all 
arm-none-eabi-size  light_UP1.elf 
   text	   data	    bss	    dec	    hex	filename
    844	      8	   1568	   2420	    974	light_UP1.elf
Finished building: default.size.stdout
 
23:50:04 **** Incremental Build of configuration Debug for project light_UP1 ****
make -j4 all 
arm-none-eabi-gcc "../Src/main.c" -mcpu=cortex-m4 -std=gnu11 -g3 -DDEBUG -DSTM32 -DSTM32F429ZITx -DSTM32F4 -c -I../Inc -O0 -ffunction-sections -fdata-sections -Wall -fstack-usage -fcyclomatic-complexity -MMD -MP -MF"Src/main.d" -MT"Src/main.o" --specs=nano.specs -mfloat-abi=hard -mthumb -o "Src/main.o"
arm-none-eabi-gcc -o "light_UP1.elf" @"objects.list"   -mcpu=cortex-m4 -T"D:\hocviec\trainning\light_UP1\STM32F429ZITX_FLASH.ld" --specs=nosys.specs -Wl,-Map="light_UP1.map" -Wl,--gc-sections -static --specs=nano.specs -mfloat-abi=hard -mthumb -Wl,--start-group -lc -lm -Wl,--end-group
Finished building target: light_UP1.elf
 
arm-none-eabi-size  light_UP1.elf 
arm-none-eabi-objdump -h -S light_UP1.elf  > "light_UP1.list"
   text	   data	    bss	    dec	    hex	filename
    848	      8	   1568	   2424	    978	light_UP1.elf
Finished building: default.size.stdout
 
Finished building: light_UP1.list
 
23:51:15 **** Incremental Build of configuration Debug for project light_UP1 ****
make -j4 all 
arm-none-eabi-gcc "../Src/main.c" -mcpu=cortex-m4 -std=gnu11 -g3 -DDEBUG -DSTM32 -DSTM32F429ZITx -DSTM32F4 -c -I../Inc -O0 -ffunction-sections -fdata-sections -Wall -fstack-usage -fcyclomatic-complexity -MMD -MP -MF"Src/main.d" -MT"Src/main.o" --specs=nano.specs -mfloat-abi=hard -mthumb -o "Src/main.o"
arm-none-eabi-gcc -o "light_UP1.elf" @"objects.list"   -mcpu=cortex-m4 -T"D:\hocviec\trainning\light_UP1\STM32F429ZITX_FLASH.ld" --specs=nosys.specs -Wl,-Map="light_UP1.map" -Wl,--gc-sections -static --specs=nano.specs -mfloat-abi=hard -mthumb -Wl,--start-group -lc -lm -Wl,--end-group
Finished building target: light_UP1.elf
 
arm-none-eabi-size  light_UP1.elf 
arm-none-eabi-objdump -h -S light_UP1.elf  > "light_UP1.list"
   text	   data	    bss	    dec	    hex	filename
    844	      8	   1568	   2420	    974	light_UP1.elf
Finished building: default.size.stdout
 
Finished building: light_UP1.list
 
23:53:06 **** Incremental Build of configuration Debug for project light_UP1 ****
make -j4 all 
arm-none-eabi-gcc "../Src/main.c" -mcpu=cortex-m4 -std=gnu11 -g3 -DDEBUG -DSTM32 -DSTM32F429ZITx -DSTM32F4 -c -I../Inc -O0 -ffunction-sections -fdata-sections -Wall -fstack-usage -fcyclomatic-complexity -MMD -MP -MF"Src/main.d" -MT"Src/main.o" --specs=nano.specs -mfloat-abi=hard -mthumb -o "Src/main.o"
arm-none-eabi-gcc -o "light_UP1.elf" @"objects.list"   -mcpu=cortex-m4 -T"D:\hocviec\trainning\light_UP1\STM32F429ZITX_FLASH.ld" --specs=nosys.specs -Wl,-Map="light_UP1.map" -Wl,--gc-sections -static --specs=nano.specs -mfloat-abi=hard -mthumb -Wl,--start-group -lc -lm -Wl,--end-group
Finished building target: light_UP1.elf
 
arm-none-eabi-size  light_UP1.elf 
arm-none-eabi-objdump -h -S light_UP1.elf  > "light_UP1.list"
   text	   data	    bss	    dec	    hex	filename
    864	      8	   1568	   2440	    988	light_UP1.elf
Finished building: default.size.stdout
 
Finished building: light_UP1.list
 
