04:55:12 **** Build of configuration Debug for project helloword ****
make -j4 all 
arm-none-eabi-gcc "../Src/main.c" -mcpu=cortex-m4 -std=gnu11 -g3 -DDEBUG -DSTM32 -DSTM32F429ZITx -DSTM32F4 -c -I../Inc -O0 -ffunction-sections -fdata-sections -Wall -fstack-usage -fcyclomatic-complexity -MMD -MP -MF"Src/main.d" -MT"Src/main.o" --specs=nano.specs -mfloat-abi=soft -mthumb -o "Src/main.o"
arm-none-eabi-gcc -o "helloword.elf" @"objects.list"   -mcpu=cortex-m4 -T"D:\hocviec\trainning\helloword\STM32F429ZITX_FLASH.ld" --specs=nosys.specs -Wl,-Map="helloword.map" -Wl,--gc-sections -static --specs=nano.specs -mfloat-abi=soft -mthumb -Wl,--start-group -lc -lm -Wl,--end-group
Finished building target: helloword.elf
 
arm-none-eabi-size  helloword.elf 
arm-none-eabi-objdump -h -S helloword.elf  > "helloword.list"
   text	   data	    bss	    dec	    hex	filename
    912	     20	   1564	   2496	    9c0	helloword.elf
Finished building: default.size.stdout
 
Finished building: helloword.list
 

04:55:13 Build Finished. 0 errors, 0 warnings. (took 734ms)

