05:19:12 **** Incremental Build of configuration Debug for project helloword2 ****
make -j4 all 
arm-none-eabi-gcc "../Src/main.c" -mcpu=cortex-m4 -std=gnu11 -g3 -DDEBUG -DSTM32 -DSTM32F429ZITx -DSTM32F4 -c -I../Inc -O0 -ffunction-sections -fdata-sections -Wall -fstack-usage -fcyclomatic-complexity -MMD -MP -MF"Src/main.d" -MT"Src/main.o" --specs=nano.specs -mfloat-abi=soft -mthumb -o "Src/main.o"
arm-none-eabi-gcc -o "helloword2.elf" @"objects.list"   -mcpu=cortex-m4 -T"D:\hocviec\trainning\helloword2\STM32F429ZITX_FLASH.ld" --specs=nosys.specs -Wl,-Map="helloword2.map" -Wl,--gc-sections -static --specs=nano.specs -mfloat-abi=soft -mthumb -Wl,--start-group -lc -lm -Wl,--end-group
Finished building target: helloword2.elf
 
arm-none-eabi-size  helloword2.elf 
arm-none-eabi-objdump -h -S helloword2.elf  > "helloword2.list"
   text	   data	    bss	    dec	    hex	filename
    860	     20	   1564	   2444	    98c	helloword2.elf
Finished building: default.size.stdout
 
Finished building: helloword2.list
 

05:19:12 Build Finished. 0 errors, 0 warnings. (took 749ms)

