23:41:25 **** Incremental Build of configuration Debug for project light_up ****
make -j4 all 
arm-none-eabi-gcc "../Src/main.c" -mcpu=cortex-m4 -std=gnu11 -g3 -DDEBUG -DSTM32 -DSTM32F429ZITx -DSTM32F4 -c -I../Inc -O0 -ffunction-sections -fdata-sections -Wall -fstack-usage -fcyclomatic-complexity -MMD -MP -MF"Src/main.d" -MT"Src/main.o" --specs=nano.specs -mfloat-abi=hard -mthumb -o "Src/main.o"
arm-none-eabi-gcc -o "light_up.elf" @"objects.list"   -mcpu=cortex-m4 -T"D:\hocviec\trainning\light_up\STM32F429ZITX_FLASH.ld" --specs=nosys.specs -Wl,-Map="light_up.map" -Wl,--gc-sections -static --specs=nano.specs -mfloat-abi=hard -mthumb -Wl,--start-group -lc -lm -Wl,--end-group
Finished building target: light_up.elf
 
arm-none-eabi-size  light_up.elf 
arm-none-eabi-objdump -h -S light_up.elf  > "light_up.list"
   text	   data	    bss	    dec	    hex	filename
    832	     16	   1568	   2416	    970	light_up.elf
Finished building: default.size.stdout
 
Finished building: light_up.list
 

23:41:26 Build Finished. 0 errors, 0 warnings. (took 677ms)

